// Jest Snapshot v1, https://goo.gl/fbAQLP

exports[`<Copyright /> should render correctly 1`] = `
<Copyright
  config={
    Object {
      "copyright": Object {
        "owner": "© Kathryn Plaisance",
      },
      "initialLinks": Object {
        "paths": Array [
          Object {
            "path": "/",
            "title": "Home",
          },
          Object {
            "path": "/about",
            "title": "About",
          },
          Object {
            "path": "/contact",
            "title": "Contact",
          },
        ],
        "socialLinks": Array [
          Object {
            "icon": "fa-twitter",
            "name": "Twitter",
            "path": "https://www.twitter.com/",
          },
          Object {
            "icon": "fa-linkedin",
            "name": "LinkedIn",
            "path": "https://www.linkedin.com/in/",
          },
          Object {
            "icon": "fa-github",
            "name": "Github",
            "path": "https://www.github.com/",
          },
        ],
      },
      "introText": Object {
        "/": "INTEG 210",
        "/about": "Proin a eros ut diam aliquam blandit non ut diam. Proin ut vehicula enim.",
        "/contact": "Proin urna mauris, tristique quis diam non, blandit rhoncus orci.",
        "/speaking": "Praesent in pellentesque dui. Donec ultrices hendrerit sem rhoncus auctor.",
      },
      "name": "Making Collaboration Work",
    }
  }
>
  <div
    id="copyright"
  >
    <ul>
      <li>
        © Kathryn Plaisance
      </li>
      <li>
        Design: 
        <a
          href="https://html5up.net"
        >
          HTML5 UP
        </a>
      </li>
      <li>
        Powered by: 
        <a
          href="https://www.gatsbyjs.org/"
        >
          GatsbyJS
        </a>
      </li>
    </ul>
  </div>
</Copyright>
`;
