// Jest Snapshot v1, https://goo.gl/fbAQLP

exports[`<Header /> should render correctly 1`] = `
<header
  id="header"
>
  <GatsbyLink
    className="logo"
    to="/"
  >
    Making Collaboration Work
  </GatsbyLink>
</header>
`;
